{
  "data": {
    "allPeople": {
      "peopleFilteredByName": {
        "peopleFilteredByAge": {
          "age": {
            "sort": {
              "toList": [
                32
              ]
            }
          }
        }
      }
    }
  }
}