{
  "data": {
    "allPeople": {
      "filter": {
        "age": {
          "sort": {
            "toList": [
              29,
              32
            ]
          }
        }
      }
    }
  }
}