{
  "data": {
    "allPeople": {
      "name": {
        "sort": {
          "toList": [
            "franck",
            "josh",
            "marc",
            "marko",
            "peter",
            "vadas"
          ]
        }
      }
    }
  }
}